This is pdfTeX, Version 3.141592653-2.6-1.40.25 (MiKTeX 23.10) (preloaded format=pdflatex 2023.10.11)  26 OCT 2023 02:27
entering extended mode
 \write18 enabled.
 %&-line parsing enabled.
**./bibunits.tex
(bibunits.tex
LaTeX2e <2023-06-01> patch level 1
L3 programming layer <2023-08-29>
(C:\Users\Ammar\AppData\Local\Programs\MiKTeX\tex/latex/base\book.cls
Document Class: book 2023/05/17 v1.4n Standard LaTeX document class
(C:\Users\Ammar\AppData\Local\Programs\MiKTeX\tex/latex/base\bk10.clo
File: bk10.clo 2023/05/17 v1.4n Standard LaTeX file (size option)
)
\c@part=\count185
\c@chapter=\count186
\c@section=\count187
\c@subsection=\count188
\c@subsubsection=\count189
\c@paragraph=\count190
\c@subparagraph=\count191
\c@figure=\count192
\c@table=\count193
\abovecaptionskip=\skip48
\belowcaptionskip=\skip49
\bibindent=\dimen140
)
(C:\Users\Ammar\AppData\Local\Programs\MiKTeX\tex/latex/kantlipsum\kantlipsum.s
ty (C:\Users\Ammar\AppData\Local\Programs\MiKTeX\tex/latex/l3kernel\expl3.sty
Package: expl3 2023-08-29 L3 programming layer (loader) 

(C:\Users\Ammar\AppData\Local\Programs\MiKTeX\tex/latex/l3backend\l3backend-pdf
tex.def
File: l3backend-pdftex.def 2023-04-19 L3 backend support: PDF output (pdfTeX)
\l__color_backend_stack_int=\count194
\l__pdf_internal_box=\box51
))
(C:\Users\Ammar\AppData\Local\Programs\MiKTeX\tex/latex/l3packages/xparse\xpars
e.sty
Package: xparse 2023-08-29 L3 Experimental document command parser
)
Package: kantlipsum 2019/07/23 v0.8 Generate text in Kantian style
\l__kgl_start_int=\count195
\l__kgl_end_int=\count196

Package kantlipsum Info: The package provides paragraphs 1 to 164. Values
(kantlipsum)             outside this range will be ignored.

)
(C:\Users\Ammar\AppData\Local\Programs\MiKTeX\tex/latex/bibunits\bibunits.sty
Package: bibunits 2004/05/12 v2.4 Multiple bibliographies in one document.
\@bibunitaux=\write3
\@bibunitauxcnt=\count197
)
(bibunits.aux (bu.aux))
\openout1 = `bibunits.aux'.

LaTeX Font Info:    Checking defaults for OML/cmm/m/it on input line 6.
LaTeX Font Info:    ... okay on input line 6.
LaTeX Font Info:    Checking defaults for OMS/cmsy/m/n on input line 6.
LaTeX Font Info:    ... okay on input line 6.
LaTeX Font Info:    Checking defaults for OT1/cmr/m/n on input line 6.
LaTeX Font Info:    ... okay on input line 6.
LaTeX Font Info:    Checking defaults for T1/cmr/m/n on input line 6.
LaTeX Font Info:    ... okay on input line 6.
LaTeX Font Info:    Checking defaults for TS1/cmr/m/n on input line 6.
LaTeX Font Info:    ... okay on input line 6.
LaTeX Font Info:    Checking defaults for OMX/cmex/m/n on input line 6.
LaTeX Font Info:    ... okay on input line 6.
LaTeX Font Info:    Checking defaults for U/cmr/m/n on input line 6.
LaTeX Font Info:    ... okay on input line 6.

Chapter 1.
(bu1.aux)
\openout3 = `bu1.aux'.

 (bu1.bbl [1


{C:/Users/Ammar/AppData/Local/MiKTeX/fonts/map/pdftex/pdftex.map}] [2

]) (bu1.aux) (bu.aux) [3] [4

]
Chapter 2.
(bu2.aux)
\openout3 = `bu2.aux'.

 (bu2.bbl [5] [6

]) (bu2.aux) (bu.aux)
\openout3 = `bu.aux'.

 (bibunits.bbl [7] [8

]
LaTeX Font Info:    External font `cmex10' loaded for size
(Font)              <7> on input line 2.
LaTeX Font Info:    External font `cmex10' loaded for size
(Font)              <5> on input line 2.
) [9]
(bibunits.aux (bu.aux))
 ***********
LaTeX2e <2023-06-01> patch level 1
L3 programming layer <2023-08-29>
 ***********
 ) 
Here is how much of TeX's memory you used:
 739 strings out of 475247
 15567 string characters out of 5757791
 1920785 words of memory out of 5000000
 22302 multiletter control sequences out of 15000+600000
 559980 words of font info for 42 fonts, out of 8000000 for 9000
 1141 hyphenation exceptions out of 8191
 64i,5n,79p,201b,207s stack positions out of 10000i,1000n,20000p,200000b,200000s
<C:/Users/Ammar/AppData/Local/Programs/MiKTeX/fonts/type1/public/amsfonts/cm/
cmbx12.pfb><C:/Users/Ammar/AppData/Local/Programs/MiKTeX/fonts/type1/public/ams
fonts/cm/cmr10.pfb><C:/Users/Ammar/AppData/Local/Programs/MiKTeX/fonts/type1/pu
blic/amsfonts/cm/cmr7.pfb><C:/Users/Ammar/AppData/Local/Programs/MiKTeX/fonts/t
ype1/public/amsfonts/cm/cmsl10.pfb><C:/Users/Ammar/AppData/Local/Programs/MiKTe
X/fonts/type1/public/amsfonts/cm/cmti10.pfb>
Output written on bibunits.pdf (9 pages, 80285 bytes).
PDF statistics:
 57 PDF objects out of 1000 (max. 8388607)
 0 named destinations out of 1000 (max. 500000)
 1 words of extra memory for PDF output out of 10000 (max. 10000000)

